PONG
zig
OK
zig
OK
test

1
2
4
test
again
test
again
foo
bar
test
again
foo
1
2
3
c
b
a
3
c
